============================= test session starts =============================
platform win32 -- Python 3.13.10, pytest-9.0.2, pluggy-1.6.0
rootdir: C:\Users\mitsu\Downloads\DunesDay_Pred
plugins: anyio-4.12.1
collected 0 items / 1 error

=================================== ERRORS ====================================
____________________ ERROR collecting backend/test_api.py _____________________
ImportError while importing test module 'C:\Users\mitsu\Downloads\DunesDay_Pred\backend\test_api.py'.
Hint: make sure your test modules/packages have valid Python names.
Traceback:
..\..\AppData\Local\Programs\Python\Python313\Lib\importlib\__init__.py:88: in import_module
    return _bootstrap._gcd_import(name[level:], package, level)
           ^^^^^^^^^^^^^^^^^^^^^^^^^^^^^^^^^^^^^^^^^^^^^^^^^^^^
backend\test_api.py:2: in <module>
    from backend.main import app
E   ModuleNotFoundError: No module named 'backend'
=========================== short test summary info ===========================
ERROR backend/test_api.py
!!!!!!!!!!!!!!!!!!! Interrupted: 1 error during collection !!!!!!!!!!!!!!!!!!!!
============================== 1 error in 0.63s ===============================
